Archive member included to satisfy reference by file (symbol)

e:/vsstm32/10.2020-q4-major/bin/../lib/gcc/arm-none-eabi/10.2.1/../../../../arm-none-eabi/lib/thumb/v7-m/nofp\libc.a(lib_a-exit.o)
                              e:/vsstm32/10.2020-q4-major/bin/../lib/gcc/arm-none-eabi/10.2.1/../../../../arm-none-eabi/lib/thumb/v7-m/nofp/crt0.o (exit)
e:/vsstm32/10.2020-q4-major/bin/../lib/gcc/arm-none-eabi/10.2.1/../../../../arm-none-eabi/lib/thumb/v7-m/nofp\libc.a(lib_a-impure.o)
                              e:/vsstm32/10.2020-q4-major/bin/../lib/gcc/arm-none-eabi/10.2.1/../../../../arm-none-eabi/lib/thumb/v7-m/nofp\libc.a(lib_a-exit.o) (_global_impure_ptr)
e:/vsstm32/10.2020-q4-major/bin/../lib/gcc/arm-none-eabi/10.2.1/../../../../arm-none-eabi/lib/thumb/v7-m/nofp\libc.a(lib_a-init.o)
                              e:/vsstm32/10.2020-q4-major/bin/../lib/gcc/arm-none-eabi/10.2.1/../../../../arm-none-eabi/lib/thumb/v7-m/nofp/crt0.o (__libc_init_array)
e:/vsstm32/10.2020-q4-major/bin/../lib/gcc/arm-none-eabi/10.2.1/../../../../arm-none-eabi/lib/thumb/v7-m/nofp\libc.a(lib_a-memset.o)
                              e:/vsstm32/10.2020-q4-major/bin/../lib/gcc/arm-none-eabi/10.2.1/../../../../arm-none-eabi/lib/thumb/v7-m/nofp/crt0.o (memset)
e:/vsstm32/10.2020-q4-major/bin/../lib/gcc/arm-none-eabi/10.2.1/../../../../arm-none-eabi/lib/thumb/v7-m/nofp\libc.a(lib_a-__call_atexit.o)
                              e:/vsstm32/10.2020-q4-major/bin/../lib/gcc/arm-none-eabi/10.2.1/../../../../arm-none-eabi/lib/thumb/v7-m/nofp\libc.a(lib_a-exit.o) (__call_exitprocs)
e:/vsstm32/10.2020-q4-major/bin/../lib/gcc/arm-none-eabi/10.2.1/../../../../arm-none-eabi/lib/thumb/v7-m/nofp\libc.a(lib_a-atexit.o)
                              e:/vsstm32/10.2020-q4-major/bin/../lib/gcc/arm-none-eabi/10.2.1/../../../../arm-none-eabi/lib/thumb/v7-m/nofp\libc.a(lib_a-__call_atexit.o) (atexit)
e:/vsstm32/10.2020-q4-major/bin/../lib/gcc/arm-none-eabi/10.2.1/../../../../arm-none-eabi/lib/thumb/v7-m/nofp\libc.a(lib_a-fini.o)
                              e:/vsstm32/10.2020-q4-major/bin/../lib/gcc/arm-none-eabi/10.2.1/../../../../arm-none-eabi/lib/thumb/v7-m/nofp\libc.a(lib_a-__call_atexit.o) (__libc_fini_array)
e:/vsstm32/10.2020-q4-major/bin/../lib/gcc/arm-none-eabi/10.2.1/../../../../arm-none-eabi/lib/thumb/v7-m/nofp\libc.a(lib_a-lock.o)
                              e:/vsstm32/10.2020-q4-major/bin/../lib/gcc/arm-none-eabi/10.2.1/../../../../arm-none-eabi/lib/thumb/v7-m/nofp\libc.a(lib_a-__call_atexit.o) (__retarget_lock_acquire_recursive)
e:/vsstm32/10.2020-q4-major/bin/../lib/gcc/arm-none-eabi/10.2.1/../../../../arm-none-eabi/lib/thumb/v7-m/nofp\libc.a(lib_a-__atexit.o)
                              e:/vsstm32/10.2020-q4-major/bin/../lib/gcc/arm-none-eabi/10.2.1/../../../../arm-none-eabi/lib/thumb/v7-m/nofp\libc.a(lib_a-atexit.o) (__register_exitproc)
e:/vsstm32/10.2020-q4-major/bin/../lib/gcc/arm-none-eabi/10.2.1/../../../../arm-none-eabi/lib/thumb/v7-m/nofp\libnosys.a(_exit.o)
                              e:/vsstm32/10.2020-q4-major/bin/../lib/gcc/arm-none-eabi/10.2.1/../../../../arm-none-eabi/lib/thumb/v7-m/nofp\libc.a(lib_a-exit.o) (_exit)
e:/vsstm32/10.2020-q4-major/bin/../lib/gcc/arm-none-eabi/10.2.1/thumb/v7-m/nofp\libgcc.a(_arm_muldf3.o)
                              build/ATH10.o (__aeabi_dmul)
e:/vsstm32/10.2020-q4-major/bin/../lib/gcc/arm-none-eabi/10.2.1/thumb/v7-m/nofp\libgcc.a(_arm_addsubdf3.o)
                              build/ATH10.o (__aeabi_dsub)

Discarded input sections

 .text          0x00000000        0x0 e:/vsstm32/10.2020-q4-major/bin/../lib/gcc/arm-none-eabi/10.2.1/thumb/v7-m/nofp/crti.o
 .data          0x00000000        0x0 e:/vsstm32/10.2020-q4-major/bin/../lib/gcc/arm-none-eabi/10.2.1/thumb/v7-m/nofp/crti.o
 .bss           0x00000000        0x0 e:/vsstm32/10.2020-q4-major/bin/../lib/gcc/arm-none-eabi/10.2.1/thumb/v7-m/nofp/crti.o
 .data          0x00000000        0x4 e:/vsstm32/10.2020-q4-major/bin/../lib/gcc/arm-none-eabi/10.2.1/thumb/v7-m/nofp/crtbegin.o
 .rodata        0x00000000       0x24 e:/vsstm32/10.2020-q4-major/bin/../lib/gcc/arm-none-eabi/10.2.1/thumb/v7-m/nofp/crtbegin.o
 .text          0x00000000       0x7c e:/vsstm32/10.2020-q4-major/bin/../lib/gcc/arm-none-eabi/10.2.1/../../../../arm-none-eabi/lib/thumb/v7-m/nofp/crt0.o
 .data          0x00000000        0x0 e:/vsstm32/10.2020-q4-major/bin/../lib/gcc/arm-none-eabi/10.2.1/../../../../arm-none-eabi/lib/thumb/v7-m/nofp/crt0.o
 .bss           0x00000000        0x0 e:/vsstm32/10.2020-q4-major/bin/../lib/gcc/arm-none-eabi/10.2.1/../../../../arm-none-eabi/lib/thumb/v7-m/nofp/crt0.o
 .ARM.extab     0x00000000        0x0 e:/vsstm32/10.2020-q4-major/bin/../lib/gcc/arm-none-eabi/10.2.1/../../../../arm-none-eabi/lib/thumb/v7-m/nofp/crt0.o
 .ARM.exidx     0x00000000       0x10 e:/vsstm32/10.2020-q4-major/bin/../lib/gcc/arm-none-eabi/10.2.1/../../../../arm-none-eabi/lib/thumb/v7-m/nofp/crt0.o
 .ARM.attributes
[...]
Memory Configuration

Name             Origin             Length             Attributes
RAM              0x20000000         0x00005000         xrw
FLASH            0x08000000         0x00010000         xr
*default*        0x00000000         0xffffffff

Linker script and memory map

LOAD e:/vsstm32/10.2020-q4-major/bin/../lib/gcc/arm-none-eabi/10.2.1/thumb/v7-m/nofp/crti.o
LOAD e:/vsstm32/10.2020-q4-major/bin/../lib/gcc/arm-none-eabi/10.2.1/thumb/v7-m/nofp/crtbegin.o
LOAD e:/vsstm32/10.2020-q4-major/bin/../lib/gcc/arm-none-eabi/10.2.1/../../../../arm-none-eabi/lib/thumb/v7-m/nofp/crt0.o
LOAD build/ATH10.o
LOAD build/gpio.o
LOAD build/main.o
LOAD build/myiic.o
LOAD build/stm32f1xx_hal_msp.o
LOAD build/stm32f1xx_it.o
LOAD build/system_stm32f1xx.o
LOAD build/usart.o
LOAD build/stm32f1xx_hal.o
LOAD build/stm32f1xx_hal_cortex.o
LOAD build/stm32f1xx_hal_dma.o
LOAD build/stm32f1xx_hal_exti.o
LOAD build/stm32f1xx_hal_flash.o
LOAD build/stm32f1xx_hal_flash_ex.o
LOAD build/stm32f1xx_hal_gpio.o
LOAD build/stm32f1xx_hal_gpio_ex.o
LOAD build/stm32f1xx_hal_pwr.o
LOAD build/stm32f1xx_hal_rcc.o
LOAD build/stm32f1xx_hal_rcc_ex.o
LOAD build/stm32f1xx_hal_tim.o
LOAD build/stm32f1xx_hal_tim_ex.o
LOAD build/stm32f1xx_hal_uart.o
LOAD build/startup_stm32f103xb.o
LOAD e:/vsstm32/10.2020-q4-major/bin/../lib/gcc/arm-none-eabi/10.2.1/../../../../arm-none-eabi/lib/thumb/v7-m/nofp\libc.a
LOAD e:/vsstm32/10.2020-q4-major/bin/../lib/gcc/arm-none-eabi/10.2.1/../../../../arm-none-eabi/lib/thumb/v7-m/nofp\libm.a
LOAD e:/vsstm32/10.2020-q4-major/bin/../lib/gcc/arm-none-eabi/10.2.1/../../../../arm-none-eabi/lib/thumb/v7-m/nofp\libnosys.a
START GROUP
LOAD e:/vsstm32/10.2020-q4-major/bin/../lib/gcc/arm-none-eabi/10.2.1/thumb/v7-m/nofp\libgcc.a
LOAD e:/vsstm32/10.2020-q4-major/bin/../lib/gcc/arm-none-eabi/10.2.1/../../../../arm-none-eabi/lib/thumb/v7-m/nofp\libc.a
END GROUP
START GROUP
LOAD e:/vsstm32/10.2020-q4-major/bin/../lib/gcc/arm-none-eabi/10.2.1/thumb/v7-m/nofp\libgcc.a
LOAD e:/vsstm32/10.2020-q4-major/bin/../lib/gcc/arm-none-eabi/10.2.1/../../../../arm-none-eabi/lib/thumb/v7-m/nofp\libc.a
LOAD e:/vsstm32/10.2020-q4-major/bin/../lib/gcc/arm-none-eabi/10.2.1/../../../../arm-none-eabi/lib/thumb/v7-m/nofp\libnosys.a
END GROUP
LOAD e:/vsstm32/10.2020-q4-major/bin/../lib/gcc/arm-none-eabi/10.2.1/thumb/v7-m/nofp/crtend.o
LOAD e:/vsstm32/10.2020-q4-major/bin/../lib/gcc/arm-none-eabi/10.2.1/thumb/v7-m/nofp/crtn.o
                0x20005000                _estack = 0x20005000
                0x00000200                _Min_Heap_Size = 0x200
                0x00000400                _Min_Stack_Size = 0x400

.isr_vector     0x08000000      0x10c
                0x08000000                . = ALIGN (0x4)
 *(.isr_vector)
 .isr_vector    0x08000000      0x10c build/startup_stm32f103xb.o
                0x08000000                g_pfnVectors
                0x0800010c                . = ALIGN (0x4)

.text           0x0800010c     0x18b8
                0x0800010c                . = ALIGN (0x4)
 *(.text)
 .text          0x0800010c       0x40 e:/vsstm32/10.2020-q4-major/bin/../lib/gcc/arm-none-eabi/10.2.1/thumb/v7-m/nofp/crtbegin.o
 *(.text*)
 .text.MX_GPIO_Init
                0x0800014c      0x104 build/gpio.o
                0x0800014c                MX_GPIO_Init
 .text.beep_500ms
                0x08000250       0x2c build/gpio.o
                0x08000250                beep_500ms
 .text.HAL_GPIO_EXTI_Callback
                0x0800027c       0x4c build/main.o
                0x0800027c                HAL_GPIO_EXTI_Callback
 .text.HAL_UART_RxCpltCallback
                0x080002c8       0x90 build/main.o
                0x080002c8                HAL_UART_RxCpltCallback
 .text.HAL_UART_TxCpltCallback
                0x08000358       0x20 build/main.o
                0x08000358                HAL_UART_TxCpltCallback
 .text.Error_Handler
                0x08000378        0x4 build/main.o
                0x08000378                Error_Handler
 .text.SystemClock_Config
                0x0800037c       0x64 build/main.o
                0x0800037c                SystemClock_Config
 .text.main     0x080003e0       0x9c build/main.o
                0x080003e0                main
 .text.HAL_MspInit
                0x0800047c       0x44 build/stm32f1xx_hal_msp.o
                0x0800047c                HAL_MspInit
 .text.NMI_Handler
                0x080004c0        0x2 build/stm32f1xx_it.o
                0x080004c0                NMI_Handler
 .text.HardFault_Handler
                0x080004c2        0x2 build/stm32f1xx_it.o
                0x080004c2                HardFault_Handler
 .text.MemManage_Handler
                0x080004c4        0x2 build/stm32f1xx_it.o
                0x080004c4                MemManage_Handler
 .text.BusFault_Handler
                0x080004c6        0x2 build/stm32f1xx_it.o
                0x080004c6                BusFault_Handler
 .text.UsageFault_Handler
                0x080004c8        0x2 build/stm32f1xx_it.o
                0x080004c8                UsageFault_Handler
 .text.SVC_Handler
                0x080004ca        0x2 build/stm32f1xx_it.o
                0x080004ca                SVC_Handler
 .text.DebugMon_Handler
                0x080004cc        0x2 build/stm32f1xx_it.o
                0x080004cc                DebugMon_Handler
 .text.PendSV_Handler
                0x080004ce        0x2 build/stm32f1xx_it.o
                0x080004ce                PendSV_Handler
 .text.SysTick_Handler
                0x080004d0        0x8 build/stm32f1xx_it.o
                0x080004d0                SysTick_Handler
 .text.EXTI0_IRQHandler
                0x080004d8        0xa build/stm32f1xx_it.o
                0x080004d8                EXTI0_IRQHandler
 .text.EXTI1_IRQHandler
                0x080004e2        0xa build/stm32f1xx_it.o
                0x080004e2                EXTI1_IRQHandler
 .text.USART1_IRQHandler
                0x080004ec       0x10 build/stm32f1xx_it.o
                0x080004ec                USART1_IRQHandler
 .text.SystemInit
                0x080004fc        0x2 build/system_stm32f1xx.o
                0x080004fc                SystemInit
 *fill*         0x080004fe        0x2 
 .text.MX_USART1_UART_Init
                0x08000500       0x34 build/usart.o
                0x08000500                MX_USART1_UART_Init
 .text.HAL_UART_MspInit
                0x08000534       0x88 build/usart.o
                0x08000534                HAL_UART_MspInit
 .text.HAL_InitTick
                0x080005bc       0x4c build/stm32f1xx_hal.o
                0x080005bc                HAL_InitTick
 .text.HAL_Init
                0x08000608       0x24 build/stm32f1xx_hal.o
                0x08000608                HAL_Init
 .text.HAL_IncTick
                0x0800062c       0x18 build/stm32f1xx_hal.o
                0x0800062c                HAL_IncTick
 .text.HAL_GetTick
                0x08000644        0xc build/stm32f1xx_hal.o
                0x08000644                HAL_GetTick
 .text.HAL_Delay
                0x08000650       0x28 build/stm32f1xx_hal.o
                0x08000650                HAL_Delay
 .text.HAL_NVIC_SetPriorityGrouping
                0x08000678       0x24 build/stm32f1xx_hal_cortex.o
                0x08000678                HAL_NVIC_SetPriorityGrouping
 .text.HAL_NVIC_SetPriority
                0x0800069c       0x70 build/stm32f1xx_hal_cortex.o
                0x0800069c                HAL_NVIC_SetPriority
 .text.HAL_NVIC_EnableIRQ
                0x0800070c       0x1c build/stm32f1xx_hal_cortex.o
                0x0800070c                HAL_NVIC_EnableIRQ
 .text.HAL_SYSTICK_Config
                0x08000728       0x28 build/stm32f1xx_hal_cortex.o
                0x08000728                HAL_SYSTICK_Config
 .text.HAL_DMA_Abort
                0x08000750       0x44 build/stm32f1xx_hal_dma.o
                0x08000750                HAL_DMA_Abort
 .text.HAL_DMA_Abort_IT
                0x08000794       0x98 build/stm32f1xx_hal_dma.o
                0x08000794                HAL_DMA_Abort_IT
 .text.HAL_GPIO_Init
                0x0800082c      0x224 build/stm32f1xx_hal_gpio.o
                0x0800082c                HAL_GPIO_Init
 .text.HAL_GPIO_ReadPin
                0x08000a50        0xe build/stm32f1xx_hal_gpio.o
                0x08000a50                HAL_GPIO_ReadPin
 .text.HAL_GPIO_WritePin
                0x08000a5e        0xc build/stm32f1xx_hal_gpio.o
                0x08000a5e                HAL_GPIO_WritePin
 .text.HAL_GPIO_TogglePin
                0x08000a6a       0x12 build/stm32f1xx_hal_gpio.o
                0x08000a6a                HAL_GPIO_TogglePin
 .text.HAL_GPIO_EXTI_IRQHandler
                0x08000a7c       0x1c build/stm32f1xx_hal_gpio.o
                0x08000a7c                HAL_GPIO_EXTI_IRQHandler
 .text.RCC_Delay
                0x08000a98       0x2c build/stm32f1xx_hal_rcc.o
 .text.HAL_RCC_OscConfig
                0x08000ac4      0x410 build/stm32f1xx_hal_rcc.o
                0x08000ac4                HAL_RCC_OscConfig
 .text.HAL_RCC_GetSysClockFreq
                0x08000ed4       0x6c build/stm32f1xx_hal_rcc.o
                0x08000ed4                HAL_RCC_GetSysClockFreq
 .text.HAL_RCC_ClockConfig
                0x08000f40      0x16c build/stm32f1xx_hal_rcc.o
                0x08000f40                HAL_RCC_ClockConfig
 .text.HAL_RCC_GetHCLKFreq
                0x080010ac        0xc build/stm32f1xx_hal_rcc.o
                0x080010ac                HAL_RCC_GetHCLKFreq
 .text.HAL_RCC_GetPCLK1Freq
                0x080010b8       0x20 build/stm32f1xx_hal_rcc.o
                0x080010b8                HAL_RCC_GetPCLK1Freq
 .text.HAL_RCC_GetPCLK2Freq
                0x080010d8       0x20 build/stm32f1xx_hal_rcc.o
                0x080010d8                HAL_RCC_GetPCLK2Freq
 .text.UART_EndRxTransfer
                0x080010f8       0x32 build/stm32f1xx_hal_uart.o
 .text.UART_Transmit_IT
                0x0800112a       0x60 build/stm32f1xx_hal_uart.o
 *fill*         0x0800118a        0x2 
 .text.UART_SetConfig
                0x0800118c       0x94 build/stm32f1xx_hal_uart.o
 .text.UART_WaitOnFlagUntilTimeout
                0x08001220       0x6c build/stm32f1xx_hal_uart.o
 .text.HAL_UART_Init
                0x0800128c       0x5e build/stm32f1xx_hal_uart.o
                0x0800128c                HAL_UART_Init
 .text.HAL_UART_Transmit
                0x080012ea       0xd8 build/stm32f1xx_hal_uart.o
                0x080012ea                HAL_UART_Transmit
 .text.HAL_UART_Transmit_IT
                0x080013c2       0x4e build/stm32f1xx_hal_uart.o
                0x080013c2                HAL_UART_Transmit_IT
 .text.UART_EndTransmit_IT
                0x08001410       0x1a build/stm32f1xx_hal_uart.o
 .text.HAL_UART_ErrorCallback
                0x0800142a        0x2 build/stm32f1xx_hal_uart.o
                0x0800142a                HAL_UART_ErrorCallback
 .text.UART_DMAAbortOnError
                0x0800142c       0x10 build/stm32f1xx_hal_uart.o
 .text.HAL_UARTEx_RxEventCallback
                0x0800143c        0x2 build/stm32f1xx_hal_uart.o
                0x0800143c                HAL_UARTEx_RxEventCallback
 .text.UART_Receive_IT
                0x0800143e       0xd4 build/stm32f1xx_hal_uart.o
 *fill*         0x08001512        0x2 
 .text.HAL_UART_IRQHandler
                0x08001514      0x204 build/stm32f1xx_hal_uart.o
                0x08001514                HAL_UART_IRQHandler
 .text.HAL_UART_GetState
                0x08001718        0xc build/stm32f1xx_hal_uart.o
                0x08001718                HAL_UART_GetState
 .text.UART_Start_Receive_IT
                0x08001724       0x36 build/stm32f1xx_hal_uart.o
                0x08001724                UART_Start_Receive_IT
 .text.HAL_UART_Receive_IT
                0x0800175a       0x38 build/stm32f1xx_hal_uart.o
                0x0800175a                HAL_UART_Receive_IT
 *fill*         0x08001792        0x2 
 .text.Reset_Handler
                0x08001794       0x48 build/startup_stm32f103xb.o
                0x08001794                Reset_Handler
 .text.Default_Handler
                0x080017dc        0x2 build/startup_stm32f103xb.o
                0x080017dc                RTC_Alarm_IRQHandler
                0x080017dc                EXTI2_IRQHandler
                0x080017dc                TIM1_CC_IRQHandler
                0x080017dc                PVD_IRQHandler
                0x080017dc                EXTI3_IRQHandler
                0x080017dc                I2C2_EV_IRQHandler
                0x080017dc                ADC1_2_IRQHandler
                0x080017dc                SPI1_IRQHandler
                0x080017dc                TAMPER_IRQHandler
                0x080017dc                DMA1_Channel4_IRQHandler
                0x080017dc                USART3_IRQHandler
                0x080017dc                RTC_IRQHandler
                0x080017dc                DMA1_Channel7_IRQHandler
                0x080017dc                CAN1_RX1_IRQHandler
                0x080017dc                TIM4_IRQHandler
                0x080017dc                I2C1_EV_IRQHandler
                0x080017dc                DMA1_Channel6_IRQHandler
                0x080017dc                TIM3_IRQHandler
                0x080017dc                RCC_IRQHandler
                0x080017dc                TIM1_TRG_COM_IRQHandler
                0x080017dc                DMA1_Channel1_IRQHandler
                0x080017dc                Default_Handler
                0x080017dc                EXTI15_10_IRQHandler
                0x080017dc                EXTI9_5_IRQHandler
                0x080017dc                SPI2_IRQHandler
                0x080017dc                DMA1_Channel5_IRQHandler
                0x080017dc                EXTI4_IRQHandler
                0x080017dc                USB_LP_CAN1_RX0_IRQHandler
                0x080017dc                USB_HP_CAN1_TX_IRQHandler
                0x080017dc                DMA1_Channel3_IRQHandler
                0x080017dc                TIM1_UP_IRQHandler
                0x080017dc                WWDG_IRQHandler
                0x080017dc                TIM2_IRQHandler
                0x080017dc                TIM1_BRK_IRQHandler
                0x080017dc                USART2_IRQHandler
                0x080017dc                I2C2_ER_IRQHandler
                0x080017dc                DMA1_Channel2_IRQHandler
                0x080017dc                CAN1_SCE_IRQHandler
                0x080017dc                FLASH_IRQHandler
                0x080017dc                I2C1_ER_IRQHandler
                0x080017dc                USBWakeUp_IRQHandler
 *fill*         0x080017de        0x2 
 .text.__libc_init_array
                0x080017e0       0x48 e:/vsstm32/10.2020-q4-major/bin/../lib/gcc/arm-none-eabi/10.2.1/../../../../arm-none-eabi/lib/thumb/v7-m/nofp\libc.a(lib_a-init.o)
                0x080017e0                __libc_init_array
 .text.memset   0x08001828       0xa4 e:/vsstm32/10.2020-q4-major/bin/../lib/gcc/arm-none-eabi/10.2.1/../../../../arm-none-eabi/lib/thumb/v7-m/nofp\libc.a(lib_a-memset.o)
                0x08001828                memset
 .text.startup.register_fini
                0x080018cc       0x14 e:/vsstm32/10.2020-q4-major/bin/../lib/gcc/arm-none-eabi/10.2.1/../../../../arm-none-eabi/lib/thumb/v7-m/nofp\libc.a(lib_a-__call_atexit.o)
 .text.atexit   0x080018e0        0xc e:/vsstm32/10.2020-q4-major/bin/../lib/gcc/arm-none-eabi/10.2.1/../../../../arm-none-eabi/lib/thumb/v7-m/nofp\libc.a(lib_a-atexit.o)
                0x080018e0                atexit
 .text.__libc_fini_array
                0x080018ec       0x2c e:/vsstm32/10.2020-q4-major/bin/../lib/gcc/arm-none-eabi/10.2.1/../../../../arm-none-eabi/lib/thumb/v7-m/nofp\libc.a(lib_a-fini.o)
                0x080018ec                __libc_fini_array
 .text.__retarget_lock_acquire_recursive
                0x08001918        0x4 e:/vsstm32/10.2020-q4-major/bin/../lib/gcc/arm-none-eabi/10.2.1/../../../../arm-none-eabi/lib/thumb/v7-m/nofp\libc.a(lib_a-lock.o)
                0x08001918                __retarget_lock_acquire_recursive
 .text.__retarget_lock_release_recursive
                0x0800191c        0x4 e:/vsstm32/10.2020-q4-major/bin/../lib/gcc/arm-none-eabi/10.2.1/../../../../arm-none-eabi/lib/thumb/v7-m/nofp\libc.a(lib_a-lock.o)
                0x0800191c                __retarget_lock_release_recursive
 .text.__register_exitproc
                0x08001920       0x8c e:/vsstm32/10.2020-q4-major/bin/../lib/gcc/arm-none-eabi/10.2.1/../../../../arm-none-eabi/lib/thumb/v7-m/nofp\libc.a(lib_a-__atexit.o)
                0x08001920                __register_exitproc
 *(.glue_7)
 .glue_7        0x080019ac        0x0 linker stubs
 *(.glue_7t)
 .glue_7t       0x080019ac        0x0 linker stubs
 *(.eh_frame)
 .eh_frame      0x080019ac        0x0 e:/vsstm32/10.2020-q4-major/bin/../lib/gcc/arm-none-eabi/10.2.1/thumb/v7-m/nofp/crtbegin.o
 *(.init)
 .init          0x080019ac        0x4 e:/vsstm32/10.2020-q4-major/bin/../lib/gcc/arm-none-eabi/10.2.1/thumb/v7-m/nofp/crti.o
                0x080019ac                _init
 .init          0x080019b0        0x8 e:/vsstm32/10.2020-q4-major/bin/../lib/gcc/arm-none-eabi/10.2.1/thumb/v7-m/nofp/crtn.o
 *(.fini)
 .fini          0x080019b8        0x4 e:/vsstm32/10.2020-q4-major/bin/../lib/gcc/arm-none-eabi/10.2.1/thumb/v7-m/nofp/crti.o
                0x080019b8                _fini
 .fini          0x080019bc        0x8 e:/vsstm32/10.2020-q4-major/bin/../lib/gcc/arm-none-eabi/10.2.1/thumb/v7-m/nofp/crtn.o
                0x080019c4                . = ALIGN (0x4)
                0x080019c4                _etext = .

.vfp11_veneer   0x080019c4        0x0
 .vfp11_veneer  0x080019c4        0x0 linker stubs

.v4_bx          0x080019c4        0x0
 .v4_bx         0x080019c4        0x0 linker stubs

.iplt           0x080019c4        0x0
 .iplt          0x080019c4        0x0 e:/vsstm32/10.2020-q4-major/bin/../lib/gcc/arm-none-eabi/10.2.1/thumb/v7-m/nofp/crtbegin.o

.rodata         0x080019c4       0x48
                0x080019c4                . = ALIGN (0x4)
 *(.rodata)
 *(.rodata*)
 .rodata.HAL_UART_RxCpltCallback.str1.4
                0x080019c4        0x9 build/main.o
 *fill*         0x080019cd        0x3 
 .rodata.HAL_UART_TxCpltCallback.str1.4
                0x080019d0        0x9 build/main.o
 *fill*         0x080019d9        0x3 
 .rodata.AHBPrescTable
                0x080019dc       0x10 build/system_stm32f1xx.o
                0x080019dc                AHBPrescTable
 .rodata.APBPrescTable
                0x080019ec        0x8 build/system_stm32f1xx.o
                0x080019ec                APBPrescTable
 .rodata.HAL_RCC_GetSysClockFreq.str1.4
                0x080019f4       0x11 build/stm32f1xx_hal_rcc.o
 *fill*         0x08001a05        0x3 
 .rodata._global_impure_ptr
                0x08001a08        0x4 e:/vsstm32/10.2020-q4-major/bin/../lib/gcc/arm-none-eabi/10.2.1/../../../../arm-none-eabi/lib/thumb/v7-m/nofp\libc.a(lib_a-impure.o)
                0x08001a08                _global_impure_ptr
                0x08001a0c                . = ALIGN (0x4)

.rel.dyn        0x08001a0c        0x0
 .rel.iplt      0x08001a0c        0x0 e:/vsstm32/10.2020-q4-major/bin/../lib/gcc/arm-none-eabi/10.2.1/thumb/v7-m/nofp/crtbegin.o

.ARM.extab
 *(.ARM.extab* .gnu.linkonce.armextab.*)

.ARM            0x08001a0c        0x0
                0x08001a0c                __exidx_start = .
 *(.ARM.exidx*)
                0x08001a0c                __exidx_end = .

.preinit_array  0x08001a0c        0x0
                0x08001a0c                PROVIDE (__preinit_array_start = .)
 *(.preinit_array*)
                0x08001a0c                PROVIDE (__preinit_array_end = .)

.init_array     0x08001a0c        0x8
                0x08001a0c                PROVIDE (__init_array_start = .)
 *(SORT_BY_NAME(.init_array.*))
 .init_array.00000
                0x08001a0c        0x4 e:/vsstm32/10.2020-q4-major/bin/../lib/gcc/arm-none-eabi/10.2.1/../../../../arm-none-eabi/lib/thumb/v7-m/nofp\libc.a(lib_a-__call_atexit.o)
 *(.init_array*)
 .init_array    0x08001a10        0x4 e:/vsstm32/10.2020-q4-major/bin/../lib/gcc/arm-none-eabi/10.2.1/thumb/v7-m/nofp/crtbegin.o
                0x08001a14                PROVIDE (__init_array_end = .)

.fini_array     0x08001a14        0x4
                0x08001a14                PROVIDE (__fini_array_start = .)
 *(SORT_BY_NAME(.fini_array.*))
 *(.fini_array*)
 .fini_array    0x08001a14        0x4 e:/vsstm32/10.2020-q4-major/bin/../lib/gcc/arm-none-eabi/10.2.1/thumb/v7-m/nofp/crtbegin.o
                0x08001a18                PROVIDE (__fini_array_end = .)
                0x08001a18                _sidata = LOADADDR (.data)

.data           0x20000000      0x444 load address 0x08001a18
                0x20000000                . = ALIGN (0x4)
                0x20000000                _sdata = .
 *(.data)
 *(.data*)
 .data.str      0x20000000        0xc build/main.o
                0x20000000                str
 .data.SystemCoreClock
                0x2000000c        0x4 build/system_stm32f1xx.o
                0x2000000c                SystemCoreClock
 .data.uwTickFreq
                0x20000010        0x1 build/stm32f1xx_hal.o
                0x20000010                uwTickFreq
 *fill*         0x20000011        0x3 
 .data.uwTickPrio
                0x20000014        0x4 build/stm32f1xx_hal.o
                0x20000014                uwTickPrio
 .data.impure_data
                0x20000018      0x428 e:/vsstm32/10.2020-q4-major/bin/../lib/gcc/arm-none-eabi/10.2.1/../../../../arm-none-eabi/lib/thumb/v7-m/nofp\libc.a(lib_a-impure.o)
 .data.__atexit_recursive_mutex
                0x20000440        0x4 e:/vsstm32/10.2020-q4-major/bin/../lib/gcc/arm-none-eabi/10.2.1/../../../../arm-none-eabi/lib/thumb/v7-m/nofp\libc.a(lib_a-__call_atexit.o)
                0x20000440                __atexit_recursive_mutex
                0x20000444                . = ALIGN (0x4)
                0x20000444                _edata = .

.igot.plt       0x20000444        0x0 load address 0x08001e5c
 .igot.plt      0x20000444        0x0 e:/vsstm32/10.2020-q4-major/bin/../lib/gcc/arm-none-eabi/10.2.1/thumb/v7-m/nofp/crtbegin.o
                0x20000444                . = ALIGN (0x4)

.bss            0x20000444      0x16c load address 0x08001e5c
                0x20000444                _sbss = .
                0x20000444                __bss_start__ = _sbss
 *(.bss)
 .bss           0x20000444       0x1c e:/vsstm32/10.2020-q4-major/bin/../lib/gcc/arm-none-eabi/10.2.1/thumb/v7-m/nofp/crtbegin.o
 *(.bss*)
 .bss.RxBuffer  0x20000460      0x100 build/main.o
                0x20000460                RxBuffer
 .bss.Uart1_Rx_Cnt
                0x20000560        0x1 build/main.o
                0x20000560                Uart1_Rx_Cnt
 .bss.aRxBuffer
                0x20000561        0x1 build/main.o
                0x20000561                aRxBuffer
 .bss.aTxBuffer
                0x20000562        0x1 build/main.o
                0x20000562                aTxBuffer
 *fill*         0x20000563        0x1 
 .bss.huart1    0x20000564       0x44 build/usart.o
                0x20000564                huart1
 .bss.uwTick    0x200005a8        0x4 build/stm32f1xx_hal.o
                0x200005a8                uwTick
 .bss.__lock___atexit_recursive_mutex
                0x200005ac        0x1 e:/vsstm32/10.2020-q4-major/bin/../lib/gcc/arm-none-eabi/10.2.1/../../../../arm-none-eabi/lib/thumb/v7-m/nofp\libc.a(lib_a-lock.o)
                0x200005ac                __lock___atexit_recursive_mutex
 *(COMMON)
                0x200005b0                . = ALIGN (0x4)
 *fill*         0x200005ad        0x3 
                0x200005b0                _ebss = .
                0x200005b0                __bss_end__ = _ebss

._user_heap_stack
                0x200005b0      0x600 load address 0x08001e5c
                0x200005b0                . = ALIGN (0x8)
                [!provide]                PROVIDE (end = .)
                [!provide]                PROVIDE (_end = .)
                0x200007b0                . = (. + _Min_Heap_Size)
 *fill*         0x200005b0      0x200 
                0x20000bb0                . = (. + _Min_Stack_Size)
 *fill*         0x200007b0      0x400 
                0x20000bb0                . = ALIGN (0x8)

/DISCARD/
 libc.a(*)
 libm.a(*)
 libgcc.a(*)

.ARM.attributes
                0x00000000       0x29
 *(.ARM.attributes)
 .ARM.attributes
                0x00000000       0x1d e:/vsstm32/10.2020-q4-major/bin/../lib/gcc/arm-none-eabi/10.2.1/thumb/v7-m/nofp/crti.o
 .ARM.attributes
                0x0000001d       0x2d e:/vsstm32/10.2020-q4-major/bin/../lib/gcc/arm-none-eabi/10.2.1/thumb/v7-m/nofp/crtbegin.o
 .ARM.attributes
                0x0000004a       0x2d build/gpio.o
 .ARM.attributes
                0x00000077       0x2d build/main.o
 .ARM.attributes
                0x000000a4       0x2d build/stm32f1xx_hal_msp.o
 .ARM.attributes
                0x000000d1       0x2d build/stm32f1xx_it.o
 .ARM.attributes
                0x000000fe       0x2d build/system_stm32f1xx.o
 .ARM.attributes
                0x0000012b       0x2d build/usart.o
 .ARM.attributes
                0x00000158       0x2d build/stm32f1xx_hal.o
 .ARM.attributes
                0x00000185       0x2d build/stm32f1xx_hal_cortex.o
 .ARM.attributes
                0x000001b2       0x2d build/stm32f1xx_hal_dma.o
 .ARM.attributes
                0x000001df       0x2d build/stm32f1xx_hal_gpio.o
 .ARM.attributes
                0x0000020c       0x2d build/stm32f1xx_hal_rcc.o
 .ARM.attributes
                0x00000239       0x2d build/stm32f1xx_hal_uart.o
 .ARM.attributes
                0x00000266       0x21 build/startup_stm32f103xb.o
 .ARM.attributes
                0x00000287       0x2d e:/vsstm32/10.2020-q4-major/bin/../lib/gcc/arm-none-eabi/10.2.1/../../../../arm-none-eabi/lib/thumb/v7-m/nofp\libc.a(lib_a-impure.o)
 .ARM.attributes
                0x000002b4       0x2d e:/vsstm32/10.2020-q4-major/bin/../lib/gcc/arm-none-eabi/10.2.1/../../../../arm-none-eabi/lib/thumb/v7-m/nofp\libc.a(lib_a-init.o)
 .ARM.attributes
                0x000002e1       0x2d e:/vsstm32/10.2020-q4-major/bin/../lib/gcc/arm-none-eabi/10.2.1/../../../../arm-none-eabi/lib/thumb/v7-m/nofp\libc.a(lib_a-memset.o)
 .ARM.attributes
                0x0000030e       0x2d e:/vsstm32/10.2020-q4-major/bin/../lib/gcc/arm-none-eabi/10.2.1/../../../../arm-none-eabi/lib/thumb/v7-m/nofp\libc.a(lib_a-__call_atexit.o)
 .ARM.attributes
                0x0000033b       0x2d e:/vsstm32/10.2020-q4-major/bin/../lib/gcc/arm-none-eabi/10.2.1/../../../../arm-none-eabi/lib/thumb/v7-m/nofp\libc.a(lib_a-atexit.o)
 .ARM.attributes
                0x00000368       0x2d e:/vsstm32/10.2020-q4-major/bin/../lib/gcc/arm-none-eabi/10.2.1/../../../../arm-none-eabi/lib/thumb/v7-m/nofp\libc.a(lib_a-fini.o)
 .ARM.attributes
                0x00000395       0x2d e:/vsstm32/10.2020-q4-major/bin/../lib/gcc/arm-none-eabi/10.2.1/../../../../arm-none-eabi/lib/thumb/v7-m/nofp\libc.a(lib_a-lock.o)
 .ARM.attributes
                0x000003c2       0x2d e:/vsstm32/10.2020-q4-major/bin/../lib/gcc/arm-none-eabi/10.2.1/../../../../arm-none-eabi/lib/thumb/v7-m/nofp\libc.a(lib_a-__atexit.o)
 .ARM.attributes
                0x000003ef       0x1d e:/vsstm32/10.2020-q4-major/bin/../lib/gcc/arm-none-eabi/10.2.1/thumb/v7-m/nofp/crtn.o
OUTPUT(build/CAN.elf elf32-littlearm)
LOAD linker stubs
LOAD e:/vsstm32/10.2020-q4-major/bin/../lib/gcc/arm-none-eabi/10.2.1/../../../../arm-none-eabi/lib/thumb/v7-m/nofp\libc.a
LOAD e:/vsstm32/10.2020-q4-major/bin/../lib/gcc/arm-none-eabi/10.2.1/../../../../arm-none-eabi/lib/thumb/v7-m/nofp\libm.a
LOAD e:/vsstm32/10.2020-q4-major/bin/../lib/gcc/arm-none-eabi/10.2.1/thumb/v7-m/nofp\libgcc.a

.debug_info     0x00000000     0x79e8
 .debug_info    0x00000000      0x5fd build/gpio.o
 .debug_info    0x000005fd      0xe57 build/main.o
 .debug_info    0x00001454      0x238 build/stm32f1xx_hal_msp.o
 .debug_info    0x0000168c      0x723 build/stm32f1xx_it.o
 .debug_info    0x00001daf      0x26e build/system_stm32f1xx.o
 .debug_info    0x0000201d      0xa97 build/usart.o
 .debug_info    0x00002ab4      0x855 build/stm32f1xx_hal.o
 .debug_info    0x00003309      0xe2d build/stm32f1xx_hal_cortex.o
 .debug_info    0x00004136      0x8bb build/stm32f1xx_hal_dma.o
 .debug_info    0x000049f1      0x6d7 build/stm32f1xx_hal_gpio.o
 .debug_info    0x000050c8      0xaec build/stm32f1xx_hal_rcc.o
 .debug_info    0x00005bb4     0x1e12 build/stm32f1xx_hal_uart.o
 .debug_info    0x000079c6       0x22 build/startup_stm32f103xb.o

.debug_abbrev   0x00000000     0x1840
 .debug_abbrev  0x00000000      0x15c build/gpio.o
 .debug_abbrev  0x0000015c      0x260 build/main.o
 .debug_abbrev  0x000003bc       0xe7 build/stm32f1xx_hal_msp.o
 .debug_abbrev  0x000004a3      0x182 build/stm32f1xx_it.o
 .debug_abbrev  0x00000625      0x140 build/system_stm32f1xx.o
 .debug_abbrev  0x00000765      0x1ce build/usart.o
 .debug_abbrev  0x00000933      0x1f7 build/stm32f1xx_hal.o
 .debug_abbrev  0x00000b2a      0x359 build/stm32f1xx_hal_cortex.o
 .debug_abbrev  0x00000e83      0x244 build/stm32f1xx_hal_dma.o
 .debug_abbrev  0x000010c7      0x222 build/stm32f1xx_hal_gpio.o
 .debug_abbrev  0x000012e9      0x29a build/stm32f1xx_hal_rcc.o
 .debug_abbrev  0x00001583      0x2ab build/stm32f1xx_hal_uart.o
 .debug_abbrev  0x0000182e       0x12 build/startup_stm32f103xb.o

.debug_loc      0x00000000     0x4bae
 .debug_loc     0x00000000       0x58 build/gpio.o
 .debug_loc     0x00000058      0x273 build/main.o
 .debug_loc     0x000002cb       0x41 build/stm32f1xx_hal_msp.o
 .debug_loc     0x0000030c       0x80 build/stm32f1xx_it.o
 .debug_loc     0x0000038c       0xff build/system_stm32f1xx.o
 .debug_loc     0x0000048b      0x108 build/usart.o
 .debug_loc     0x00000593      0x1e1 build/stm32f1xx_hal.o
 .debug_loc     0x00000774      0x77f build/stm32f1xx_hal_cortex.o
 .debug_loc     0x00000ef3      0x901 build/stm32f1xx_hal_dma.o
 .debug_loc     0x000017f4      0x551 build/stm32f1xx_hal_gpio.o
 .debug_loc     0x00001d45      0x7ee build/stm32f1xx_hal_rcc.o
 .debug_loc     0x00002533     0x267b build/stm32f1xx_hal_uart.o

.debug_aranges  0x00000000      0x668
 .debug_aranges
                0x00000000       0x28 build/gpio.o
 .debug_aranges
                0x00000028       0x50 build/main.o
 .debug_aranges
                0x00000078       0x20 build/stm32f1xx_hal_msp.o
 .debug_aranges
                0x00000098       0x78 build/stm32f1xx_it.o
 .debug_aranges
                0x00000110       0x28 build/system_stm32f1xx.o
 .debug_aranges
                0x00000138       0x30 build/usart.o
 .debug_aranges
                0x00000168       0xe0 build/stm32f1xx_hal.o
 .debug_aranges
                0x00000248       0x90 build/stm32f1xx_hal_cortex.o
 .debug_aranges
                0x000002d8       0x80 build/stm32f1xx_hal_dma.o
 .debug_aranges
                0x00000358       0x58 build/stm32f1xx_hal_gpio.o
 .debug_aranges
                0x000003b0       0x90 build/stm32f1xx_hal_rcc.o
 .debug_aranges
                0x00000440      0x200 build/stm32f1xx_hal_uart.o
 .debug_aranges
                0x00000640       0x28 build/startup_stm32f103xb.o

.debug_ranges   0x00000000      0x620
 .debug_ranges  0x00000000       0x18 build/gpio.o
 .debug_ranges  0x00000018       0x40 build/main.o
 .debug_ranges  0x00000058       0x10 build/stm32f1xx_hal_msp.o
 .debug_ranges  0x00000068       0x68 build/stm32f1xx_it.o
 .debug_ranges  0x000000d0       0x18 build/system_stm32f1xx.o
 .debug_ranges  0x000000e8       0x20 build/usart.o
 .debug_ranges  0x00000108       0xd0 build/stm32f1xx_hal.o
 .debug_ranges  0x000001d8       0xe0 build/stm32f1xx_hal_cortex.o
 .debug_ranges  0x000002b8       0x70 build/stm32f1xx_hal_dma.o
 .debug_ranges  0x00000328       0x48 build/stm32f1xx_hal_gpio.o
 .debug_ranges  0x00000370       0xa0 build/stm32f1xx_hal_rcc.o
 .debug_ranges  0x00000410      0x1f0 build/stm32f1xx_hal_uart.o
 .debug_ranges  0x00000600       0x20 build/startup_stm32f103xb.o

.debug_line     0x00000000     0x5766
 .debug_line    0x00000000      0x229 build/gpio.o
 .debug_line    0x00000229      0x521 build/main.o
 .debug_line    0x0000074a      0x133 build/stm32f1xx_hal_msp.o
 .debug_line    0x0000087d      0x2ec build/stm32f1xx_it.o
 .debug_line    0x00000b69      0x1fc build/system_stm32f1xx.o
 .debug_line    0x00000d65      0x2c4 build/usart.o
 .debug_line    0x00001029      0x4e4 build/stm32f1xx_hal.o
 .debug_line    0x0000150d      0x5ef build/stm32f1xx_hal_cortex.o
 .debug_line    0x00001afc      0xa09 build/stm32f1xx_hal_dma.o
 .debug_line    0x00002505      0x599 build/stm32f1xx_hal_gpio.o
 .debug_line    0x00002a9e      0xbe2 build/stm32f1xx_hal_rcc.o
 .debug_line    0x00003680     0x2071 build/stm32f1xx_hal_uart.o
 .debug_line    0x000056f1       0x75 build/startup_stm32f103xb.o

.debug_str      0x00000000     0x1ebe
 .debug_str     0x00000000      0x503 build/gpio.o
                                0x54e (size before relaxing)
 .debug_str     0x00000503      0x692 build/main.o
                                0x8a9 (size before relaxing)
 .debug_str     0x00000b95       0x57 build/stm32f1xx_hal_msp.o
                                0x1de (size before relaxing)
 .debug_str     0x00000bec      0x115 build/stm32f1xx_it.o
                                0x62f (size before relaxing)
 .debug_str     0x00000d01       0x7b build/system_stm32f1xx.o
                                0x213 (size before relaxing)
 .debug_str     0x00000d7c       0x72 build/usart.o
                                0x968 (size before relaxing)
 .debug_str     0x00000dee      0x2d3 build/stm32f1xx_hal.o
                                0x7e3 (size before relaxing)
 .debug_str     0x000010c1      0x39b build/stm32f1xx_hal_cortex.o
                                0x892 (size before relaxing)
 .debug_str     0x0000145c      0x241 build/stm32f1xx_hal_dma.o
                                0x5bc (size before relaxing)
 .debug_str     0x0000169d       0xb5 build/stm32f1xx_hal_gpio.o
                                0x3bf (size before relaxing)
 .debug_str     0x00001752      0x1f1 build/stm32f1xx_hal_rcc.o
                                0x5ea (size before relaxing)
 .debug_str     0x00001943      0x557 build/stm32f1xx_hal_uart.o
                                0xc4d (size before relaxing)
 .debug_str     0x00001e9a       0x24 build/startup_stm32f103xb.o
                                 0x32 (size before relaxing)

.comment        0x00000000       0x4d
 .comment       0x00000000       0x4d build/gpio.o
                                 0x4e (size before relaxing)
 .comment       0x0000004d       0x4e build/main.o
 .comment       0x0000004d       0x4e build/stm32f1xx_hal_msp.o
 .comment       0x0000004d       0x4e build/stm32f1xx_it.o
 .comment       0x0000004d       0x4e build/system_stm32f1xx.o
 .comment       0x0000004d       0x4e build/usart.o
 .comment       0x0000004d       0x4e build/stm32f1xx_hal.o
 .comment       0x0000004d       0x4e build/stm32f1xx_hal_cortex.o
 .comment       0x0000004d       0x4e build/stm32f1xx_hal_dma.o
 .comment       0x0000004d       0x4e build/stm32f1xx_hal_gpio.o
 .comment       0x0000004d       0x4e build/stm32f1xx_hal_rcc.o
 .comment       0x0000004d       0x4e build/stm32f1xx_hal_uart.o

.debug_frame    0x00000000     0x1108
 .debug_frame   0x00000000       0x50 build/gpio.o
 .debug_frame   0x00000050       0xc0 build/main.o
 .debug_frame   0x00000110       0x28 build/stm32f1xx_hal_msp.o
 .debug_frame   0x00000138       0xf0 build/stm32f1xx_it.o
 .debug_frame   0x00000228       0x30 build/system_stm32f1xx.o
 .debug_frame   0x00000258       0x64 build/usart.o
 .debug_frame   0x000002bc      0x1cc build/stm32f1xx_hal.o
 .debug_frame   0x00000488      0x118 build/stm32f1xx_hal_cortex.o
 .debug_frame   0x000005a0      0x144 build/stm32f1xx_hal_dma.o
 .debug_frame   0x000006e4       0xe4 build/stm32f1xx_hal_gpio.o
 .debug_frame   0x000007c8      0x190 build/stm32f1xx_hal_rcc.o
 .debug_frame   0x00000958      0x5c4 build/stm32f1xx_hal_uart.o
 .debug_frame   0x00000f1c       0x2c e:/vsstm32/10.2020-q4-major/bin/../lib/gcc/arm-none-eabi/10.2.1/../../../../arm-none-eabi/lib/thumb/v7-m/nofp\libc.a(lib_a-init.o)
 .debug_frame   0x00000f48       0x2c e:/vsstm32/10.2020-q4-major/bin/../lib/gcc/arm-none-eabi/10.2.1/../../../../arm-none-eabi/lib/thumb/v7-m/nofp\libc.a(lib_a-memset.o)
 .debug_frame   0x00000f74       0x5c e:/vsstm32/10.2020-q4-major/bin/../lib/gcc/arm-none-eabi/10.2.1/../../../../arm-none-eabi/lib/thumb/v7-m/nofp\libc.a(lib_a-__call_atexit.o)
 .debug_frame   0x00000fd0       0x20 e:/vsstm32/10.2020-q4-major/bin/../lib/gcc/arm-none-eabi/10.2.1/../../../../arm-none-eabi/lib/thumb/v7-m/nofp\libc.a(lib_a-atexit.o)
 .debug_frame   0x00000ff0       0x34 e:/vsstm32/10.2020-q4-major/bin/../lib/gcc/arm-none-eabi/10.2.1/../../../../arm-none-eabi/lib/thumb/v7-m/nofp\libc.a(lib_a-fini.o)
 .debug_frame   0x00001024       0xb0 e:/vsstm32/10.2020-q4-major/bin/../lib/gcc/arm-none-eabi/10.2.1/../../../../arm-none-eabi/lib/thumb/v7-m/nofp\libc.a(lib_a-lock.o)
 .debug_frame   0x000010d4       0x34 e:/vsstm32/10.2020-q4-major/bin/../lib/gcc/arm-none-eabi/10.2.1/../../../../arm-none-eabi/lib/thumb/v7-m/nofp\libc.a(lib_a-__atexit.o)

Cross Reference Table

Symbol                                            File
ADC1_2_IRQHandler                                 build/startup_stm32f103xb.o
AHBPrescTable                                     build/system_stm32f1xx.o
                                                  build/stm32f1xx_hal_rcc.o
AHT10_Data                                        build/ATH10.o
AHT10_Init                                        build/ATH10.o
AHT10_ReadData                                    build/ATH10.o
AHT10_ReadStatus                                  build/ATH10.o
AHT10_Read_CalEnable                              build/ATH10.o
AHT10_Reset                                       build/ATH10.o
APBPrescTable                                     build/system_stm32f1xx.o
                                                  build/stm32f1xx_hal_rcc.o
BusFault_Handler                                  build/stm32f1xx_it.o
CAN1_RX1_IRQHandler                               build/startup_stm32f103xb.o
CAN1_SCE_IRQHandler                               build/startup_stm32f103xb.o
DMA1_Channel1_IRQHandler                          build/startup_stm32f103xb.o
DMA1_Channel2_IRQHandler                          build/startup_stm32f103xb.o
DMA1_Channel3_IRQHandler                          build/startup_stm32f103xb.o
DMA1_Channel4_IRQHandler                          build/startup_stm32f103xb.o
DMA1_Channel5_IRQHandler                          build/startup_stm32f103xb.o
DMA1_Channel6_IRQHandler                          build/startup_stm32f103xb.o
DMA1_Channel7_IRQHandler                          build/startup_stm32f103xb.o
DebugMon_Handler                                  build/stm32f1xx_it.o
Default_Handler                                   build/startup_stm32f103xb.o
Device_WriteData                                  build/myiic.o
EXTI0_IRQHandler                                  build/stm32f1xx_it.o
EXTI15_10_IRQHandler                              build/startup_stm32f103xb.o
EXTI1_IRQHandler                                  build/stm32f1xx_it.o
EXTI2_IRQHandler                                  build/startup_stm32f103xb.o
EXTI3_IRQHandler                                  build/startup_stm32f103xb.o
EXTI4_IRQHandler                                  build/startup_stm32f103xb.o
EXTI9_5_IRQHandler                                build/startup_stm32f103xb.o
Error_Handler                                     build/main.o
                                                  build/usart.o
FLASH_IRQHandler                                  build/startup_stm32f103xb.o
FLASH_PageErase                                   build/stm32f1xx_hal_flash_ex.o
                                                  build/stm32f1xx_hal_flash.o
FLASH_WaitForLastOperation                        build/stm32f1xx_hal_flash.o
                                                  build/stm32f1xx_hal_flash_ex.o
HAL_DBGMCU_DisableDBGSleepMode                    build/stm32f1xx_hal.o
HAL_DBGMCU_DisableDBGStandbyMode                  build/stm32f1xx_hal.o
HAL_DBGMCU_DisableDBGStopMode                     build/stm32f1xx_hal.o
HAL_DBGMCU_EnableDBGSleepMode                     build/stm32f1xx_hal.o
HAL_DBGMCU_EnableDBGStandbyMode                   build/stm32f1xx_hal.o
HAL_DBGMCU_EnableDBGStopMode                      build/stm32f1xx_hal.o
HAL_DMA_Abort                                     build/stm32f1xx_hal_dma.o
                                                  build/stm32f1xx_hal_uart.o
HAL_DMA_Abort_IT                                  build/stm32f1xx_hal_dma.o
                                                  build/stm32f1xx_hal_uart.o
HAL_DMA_DeInit                                    build/stm32f1xx_hal_dma.o
HAL_DMA_GetError                                  build/stm32f1xx_hal_dma.o
                                                  build/stm32f1xx_hal_uart.o
HAL_DMA_GetState                                  build/stm32f1xx_hal_dma.o
HAL_DMA_IRQHandler                                build/stm32f1xx_hal_dma.o
HAL_DMA_Init                                      build/stm32f1xx_hal_dma.o
HAL_DMA_PollForTransfer                           build/stm32f1xx_hal_dma.o
HAL_DMA_RegisterCallback                          build/stm32f1xx_hal_dma.o
HAL_DMA_Start                                     build/stm32f1xx_hal_dma.o
HAL_DMA_Start_IT                                  build/stm32f1xx_hal_dma.o
                                                  build/stm32f1xx_hal_uart.o
HAL_DMA_UnRegisterCallback                        build/stm32f1xx_hal_dma.o
HAL_DeInit                                        build/stm32f1xx_hal.o
HAL_Delay                                         build/stm32f1xx_hal.o
                                                  build/main.o
                                                  build/gpio.o
                                                  build/ATH10.o
HAL_EXTI_ClearConfigLine                          build/stm32f1xx_hal_exti.o
HAL_EXTI_ClearPending                             build/stm32f1xx_hal_exti.o
HAL_EXTI_GenerateSWI                              build/stm32f1xx_hal_exti.o
HAL_EXTI_GetConfigLine                            build/stm32f1xx_hal_exti.o
HAL_EXTI_GetHandle                                build/stm32f1xx_hal_exti.o
HAL_EXTI_GetPending                               build/stm32f1xx_hal_exti.o
HAL_EXTI_IRQHandler                               build/stm32f1xx_hal_exti.o
HAL_EXTI_RegisterCallback                         build/stm32f1xx_hal_exti.o
HAL_EXTI_SetConfigLine                            build/stm32f1xx_hal_exti.o
HAL_FLASHEx_Erase                                 build/stm32f1xx_hal_flash_ex.o
HAL_FLASHEx_Erase_IT                              build/stm32f1xx_hal_flash_ex.o
HAL_FLASHEx_OBErase                               build/stm32f1xx_hal_flash_ex.o
HAL_FLASHEx_OBGetConfig                           build/stm32f1xx_hal_flash_ex.o
HAL_FLASHEx_OBGetUserData                         build/stm32f1xx_hal_flash_ex.o
HAL_FLASHEx_OBProgram                             build/stm32f1xx_hal_flash_ex.o
HAL_FLASH_EndOfOperationCallback                  build/stm32f1xx_hal_flash.o
HAL_FLASH_GetError                                build/stm32f1xx_hal_flash.o
HAL_FLASH_IRQHandler                              build/stm32f1xx_hal_flash.o
HAL_FLASH_Lock                                    build/stm32f1xx_hal_flash.o
HAL_FLASH_OB_Launch                               build/stm32f1xx_hal_flash.o
HAL_FLASH_OB_Lock                                 build/stm32f1xx_hal_flash.o
HAL_FLASH_OB_Unlock                               build/stm32f1xx_hal_flash.o
HAL_FLASH_OperationErrorCallback                  build/stm32f1xx_hal_flash.o
HAL_FLASH_Program                                 build/stm32f1xx_hal_flash.o
HAL_FLASH_Program_IT                              build/stm32f1xx_hal_flash.o
HAL_FLASH_Unlock                                  build/stm32f1xx_hal_flash.o
HAL_GPIOEx_ConfigEventout                         build/stm32f1xx_hal_gpio_ex.o
HAL_GPIOEx_DisableEventout                        build/stm32f1xx_hal_gpio_ex.o
HAL_GPIOEx_EnableEventout                         build/stm32f1xx_hal_gpio_ex.o
HAL_GPIO_DeInit                                   build/stm32f1xx_hal_gpio.o
                                                  build/usart.o
HAL_GPIO_EXTI_Callback                            build/main.o
HAL_GPIO_EXTI_IRQHandler                          build/stm32f1xx_hal_gpio.o
                                                  build/stm32f1xx_it.o
HAL_GPIO_Init                                     build/stm32f1xx_hal_gpio.o
                                                  build/stm32f1xx_hal_rcc.o
                                                  build/usart.o
                                                  build/gpio.o
HAL_GPIO_LockPin                                  build/stm32f1xx_hal_gpio.o
HAL_GPIO_ReadPin                                  build/stm32f1xx_hal_gpio.o
                                                  build/main.o
HAL_GPIO_TogglePin                                build/stm32f1xx_hal_gpio.o
                                                  build/main.o
HAL_GPIO_WritePin                                 build/stm32f1xx_hal_gpio.o
                                                  build/main.o
                                                  build/gpio.o
HAL_GetDEVID                                      build/stm32f1xx_hal.o
HAL_GetHalVersion                                 build/stm32f1xx_hal.o
HAL_GetREVID                                      build/stm32f1xx_hal.o
HAL_GetTick                                       build/stm32f1xx_hal.o
                                                  build/stm32f1xx_hal_uart.o
                                                  build/stm32f1xx_hal_rcc_ex.o
                                                  build/stm32f1xx_hal_rcc.o
                                                  build/stm32f1xx_hal_flash.o
                                                  build/stm32f1xx_hal_dma.o
                                                  build/main.o
HAL_GetTickFreq                                   build/stm32f1xx_hal.o
HAL_GetTickPrio                                   build/stm32f1xx_hal.o
HAL_GetUIDw0                                      build/stm32f1xx_hal.o
HAL_GetUIDw1                                      build/stm32f1xx_hal.o
HAL_GetUIDw2                                      build/stm32f1xx_hal.o
HAL_HalfDuplex_EnableReceiver                     build/stm32f1xx_hal_uart.o
HAL_HalfDuplex_EnableTransmitter                  build/stm32f1xx_hal_uart.o
HAL_HalfDuplex_Init                               build/stm32f1xx_hal_uart.o
HAL_IncTick                                       build/stm32f1xx_hal.o
                                                  build/stm32f1xx_it.o
HAL_Init                                          build/stm32f1xx_hal.o
                                                  build/main.o
HAL_InitTick                                      build/stm32f1xx_hal.o
                                                  build/stm32f1xx_hal_rcc.o
HAL_LIN_Init                                      build/stm32f1xx_hal_uart.o
HAL_LIN_SendBreak                                 build/stm32f1xx_hal_uart.o
HAL_MspDeInit                                     build/stm32f1xx_hal.o
HAL_MspInit                                       build/stm32f1xx_hal_msp.o
HAL_MultiProcessor_EnterMuteMode                  build/stm32f1xx_hal_uart.o
HAL_MultiProcessor_ExitMuteMode                   build/stm32f1xx_hal_uart.o
HAL_MultiProcessor_Init                           build/stm32f1xx_hal_uart.o
HAL_NVIC_ClearPendingIRQ                          build/stm32f1xx_hal_cortex.o
HAL_NVIC_DisableIRQ                               build/stm32f1xx_hal_cortex.o
                                                  build/usart.o
HAL_NVIC_EnableIRQ                                build/stm32f1xx_hal_cortex.o
                                                  build/usart.o
                                                  build/gpio.o
HAL_NVIC_GetActive                                build/stm32f1xx_hal_cortex.o
HAL_NVIC_GetPendingIRQ                            build/stm32f1xx_hal_cortex.o
HAL_NVIC_GetPriority                              build/stm32f1xx_hal_cortex.o
HAL_NVIC_GetPriorityGrouping                      build/stm32f1xx_hal_cortex.o
HAL_NVIC_SetPendingIRQ                            build/stm32f1xx_hal_cortex.o
HAL_NVIC_SetPriority                              build/stm32f1xx_hal_cortex.o
                                                  build/stm32f1xx_hal.o
                                                  build/usart.o
                                                  build/gpio.o
HAL_NVIC_SetPriorityGrouping                      build/stm32f1xx_hal_cortex.o
                                                  build/stm32f1xx_hal.o
HAL_NVIC_SystemReset                              build/stm32f1xx_hal_cortex.o
                                                  build/stm32f1xx_hal_flash.o
HAL_PWR_ConfigPVD                                 build/stm32f1xx_hal_pwr.o
HAL_PWR_DeInit                                    build/stm32f1xx_hal_pwr.o
HAL_PWR_DisableBkUpAccess                         build/stm32f1xx_hal_pwr.o
HAL_PWR_DisablePVD                                build/stm32f1xx_hal_pwr.o
HAL_PWR_DisableSEVOnPend                          build/stm32f1xx_hal_pwr.o
HAL_PWR_DisableSleepOnExit                        build/stm32f1xx_hal_pwr.o
HAL_PWR_DisableWakeUpPin                          build/stm32f1xx_hal_pwr.o
HAL_PWR_EnableBkUpAccess                          build/stm32f1xx_hal_pwr.o
HAL_PWR_EnablePVD                                 build/stm32f1xx_hal_pwr.o
HAL_PWR_EnableSEVOnPend                           build/stm32f1xx_hal_pwr.o
HAL_PWR_EnableSleepOnExit                         build/stm32f1xx_hal_pwr.o
HAL_PWR_EnableWakeUpPin                           build/stm32f1xx_hal_pwr.o
HAL_PWR_EnterSLEEPMode                            build/stm32f1xx_hal_pwr.o
HAL_PWR_EnterSTANDBYMode                          build/stm32f1xx_hal_pwr.o
HAL_PWR_EnterSTOPMode                             build/stm32f1xx_hal_pwr.o
HAL_PWR_PVDCallback                               build/stm32f1xx_hal_pwr.o
HAL_PWR_PVD_IRQHandler                            build/stm32f1xx_hal_pwr.o
HAL_RCCEx_GetPeriphCLKConfig                      build/stm32f1xx_hal_rcc_ex.o
HAL_RCCEx_GetPeriphCLKFreq                        build/stm32f1xx_hal_rcc_ex.o
HAL_RCCEx_PeriphCLKConfig                         build/stm32f1xx_hal_rcc_ex.o
HAL_RCC_CSSCallback                               build/stm32f1xx_hal_rcc.o
HAL_RCC_ClockConfig                               build/stm32f1xx_hal_rcc.o
                                                  build/main.o
HAL_RCC_DeInit                                    build/stm32f1xx_hal_rcc.o
HAL_RCC_DisableCSS                                build/stm32f1xx_hal_rcc.o
HAL_RCC_EnableCSS                                 build/stm32f1xx_hal_rcc.o
HAL_RCC_GetClockConfig                            build/stm32f1xx_hal_rcc.o
HAL_RCC_GetHCLKFreq                               build/stm32f1xx_hal_rcc.o
HAL_RCC_GetOscConfig                              build/stm32f1xx_hal_rcc.o
HAL_RCC_GetPCLK1Freq                              build/stm32f1xx_hal_rcc.o
                                                  build/stm32f1xx_hal_uart.o
HAL_RCC_GetPCLK2Freq                              build/stm32f1xx_hal_rcc.o
                                                  build/stm32f1xx_hal_uart.o
                                                  build/stm32f1xx_hal_rcc_ex.o
HAL_RCC_GetSysClockFreq                           build/stm32f1xx_hal_rcc.o
HAL_RCC_MCOConfig                                 build/stm32f1xx_hal_rcc.o
HAL_RCC_NMI_IRQHandler                            build/stm32f1xx_hal_rcc.o
HAL_RCC_OscConfig                                 build/stm32f1xx_hal_rcc.o
                                                  build/main.o
HAL_ResumeTick                                    build/stm32f1xx_hal.o
HAL_SYSTICK_CLKSourceConfig                       build/stm32f1xx_hal_cortex.o
HAL_SYSTICK_Callback                              build/stm32f1xx_hal_cortex.o
HAL_SYSTICK_Config                                build/stm32f1xx_hal_cortex.o
                                                  build/stm32f1xx_hal.o
HAL_SYSTICK_IRQHandler                            build/stm32f1xx_hal_cortex.o
HAL_SetTickFreq                                   build/stm32f1xx_hal.o
HAL_SuspendTick                                   build/stm32f1xx_hal.o
HAL_UARTEx_ReceiveToIdle                          build/stm32f1xx_hal_uart.o
HAL_UARTEx_ReceiveToIdle_DMA                      build/stm32f1xx_hal_uart.o
HAL_UARTEx_ReceiveToIdle_IT                       build/stm32f1xx_hal_uart.o
HAL_UARTEx_RxEventCallback                        build/stm32f1xx_hal_uart.o
HAL_UART_Abort                                    build/stm32f1xx_hal_uart.o
HAL_UART_AbortCpltCallback                        build/stm32f1xx_hal_uart.o
HAL_UART_AbortReceive                             build/stm32f1xx_hal_uart.o
HAL_UART_AbortReceiveCpltCallback                 build/stm32f1xx_hal_uart.o
HAL_UART_AbortReceive_IT                          build/stm32f1xx_hal_uart.o
HAL_UART_AbortTransmit                            build/stm32f1xx_hal_uart.o
HAL_UART_AbortTransmitCpltCallback                build/stm32f1xx_hal_uart.o
HAL_UART_AbortTransmit_IT                         build/stm32f1xx_hal_uart.o
HAL_UART_Abort_IT                                 build/stm32f1xx_hal_uart.o
HAL_UART_DMAPause                                 build/stm32f1xx_hal_uart.o
HAL_UART_DMAResume                                build/stm32f1xx_hal_uart.o
HAL_UART_DMAStop                                  build/stm32f1xx_hal_uart.o
HAL_UART_DeInit                                   build/stm32f1xx_hal_uart.o
HAL_UART_ErrorCallback                            build/stm32f1xx_hal_uart.o
HAL_UART_GetError                                 build/stm32f1xx_hal_uart.o
HAL_UART_GetState                                 build/stm32f1xx_hal_uart.o
                                                  build/main.o
HAL_UART_IRQHandler                               build/stm32f1xx_hal_uart.o
                                                  build/stm32f1xx_it.o
HAL_UART_Init                                     build/stm32f1xx_hal_uart.o
                                                  build/usart.o
HAL_UART_MspDeInit                                build/usart.o
HAL_UART_MspInit                                  build/usart.o
HAL_UART_Receive                                  build/stm32f1xx_hal_uart.o
HAL_UART_Receive_DMA                              build/stm32f1xx_hal_uart.o
HAL_UART_Receive_IT                               build/stm32f1xx_hal_uart.o
                                                  build/main.o
HAL_UART_RxCpltCallback                           build/main.o
HAL_UART_RxHalfCpltCallback                       build/stm32f1xx_hal_uart.o
HAL_UART_Transmit                                 build/stm32f1xx_hal_uart.o
                                                  build/main.o
HAL_UART_Transmit_DMA                             build/stm32f1xx_hal_uart.o
HAL_UART_Transmit_IT                              build/stm32f1xx_hal_uart.o
                                                  build/main.o
HAL_UART_TxCpltCallback                           build/main.o
HAL_UART_TxHalfCpltCallback                       build/stm32f1xx_hal_uart.o
HardFault_Handler                                 build/stm32f1xx_it.o
I2C1_ER_IRQHandler                                build/startup_stm32f103xb.o
I2C1_EV_IRQHandler                                build/startup_stm32f103xb.o
I2C2_ER_IRQHandler                                build/startup_stm32f103xb.o
I2C2_EV_IRQHandler                                build/startup_stm32f103xb.o
IIC_Read_Byte                                     build/ATH10.o
MX_GPIO_Init                                      build/gpio.o
                                                  build/main.o
MX_USART1_UART_Init                               build/usart.o
                                                  build/main.o
MemManage_Handler                                 build/stm32f1xx_it.o
NMI_Handler                                       build/stm32f1xx_it.o
PVD_IRQHandler                                    build/startup_stm32f103xb.o
PendSV_Handler                                    build/stm32f1xx_it.o
RCC_IRQHandler                                    build/startup_stm32f103xb.o
RTC_Alarm_IRQHandler                              build/startup_stm32f103xb.o
RTC_IRQHandler                                    build/startup_stm32f103xb.o
Reset_Handler                                     build/startup_stm32f103xb.o
RxBuffer                                          build/main.o
SPI1_IRQHandler                                   build/startup_stm32f103xb.o
SPI2_IRQHandler                                   build/startup_stm32f103xb.o
SVC_Handler                                       build/stm32f1xx_it.o
SysTick_Handler                                   build/stm32f1xx_it.o
SystemClock_Config                                build/main.o
SystemCoreClock                                   build/system_stm32f1xx.o
                                                  build/stm32f1xx_hal_rcc.o
                                                  build/stm32f1xx_hal.o
SystemCoreClockUpdate                             build/system_stm32f1xx.o
SystemInit                                        build/system_stm32f1xx.o
                                                  build/startup_stm32f103xb.o
TAMPER_IRQHandler                                 build/startup_stm32f103xb.o
TIM1_BRK_IRQHandler                               build/startup_stm32f103xb.o
TIM1_CC_IRQHandler                                build/startup_stm32f103xb.o
TIM1_TRG_COM_IRQHandler                           build/startup_stm32f103xb.o
TIM1_UP_IRQHandler                                build/startup_stm32f103xb.o
TIM2_IRQHandler                                   build/startup_stm32f103xb.o
TIM3_IRQHandler                                   build/startup_stm32f103xb.o
TIM4_IRQHandler                                   build/startup_stm32f103xb.o
UART_Start_Receive_DMA                            build/stm32f1xx_hal_uart.o
UART_Start_Receive_IT                             build/stm32f1xx_hal_uart.o
USART1_IRQHandler                                 build/stm32f1xx_it.o
USART2_IRQHandler                                 build/startup_stm32f103xb.o
USART3_IRQHandler                                 build/startup_stm32f103xb.o
USBWakeUp_IRQHandler                              build/startup_stm32f103xb.o
USB_HP_CAN1_TX_IRQHandler                         build/startup_stm32f103xb.o
USB_LP_CAN1_RX0_IRQHandler                        build/startup_stm32f103xb.o
Uart1_Rx_Cnt                                      build/main.o
UsageFault_Handler                                build/stm32f1xx_it.o
WWDG_IRQHandler                                   build/startup_stm32f103xb.o
__adddf3                                          e:/vsstm32/10.2020-q4-major/bin/../lib/gcc/arm-none-eabi/10.2.1/thumb/v7-m/nofp\libgcc.a(_arm_addsubdf3.o)
__aeabi_dadd                                      e:/vsstm32/10.2020-q4-major/bin/../lib/gcc/arm-none-eabi/10.2.1/thumb/v7-m/nofp\libgcc.a(_arm_addsubdf3.o)
__aeabi_dmul                                      e:/vsstm32/10.2020-q4-major/bin/../lib/gcc/arm-none-eabi/10.2.1/thumb/v7-m/nofp\libgcc.a(_arm_muldf3.o)
                                                  build/ATH10.o
__aeabi_drsub                                     e:/vsstm32/10.2020-q4-major/bin/../lib/gcc/arm-none-eabi/10.2.1/thumb/v7-m/nofp\libgcc.a(_arm_addsubdf3.o)
__aeabi_dsub                                      e:/vsstm32/10.2020-q4-major/bin/../lib/gcc/arm-none-eabi/10.2.1/thumb/v7-m/nofp\libgcc.a(_arm_addsubdf3.o)
                                                  build/ATH10.o
__aeabi_f2d                                       e:/vsstm32/10.2020-q4-major/bin/../lib/gcc/arm-none-eabi/10.2.1/thumb/v7-m/nofp\libgcc.a(_arm_addsubdf3.o)
__aeabi_i2d                                       e:/vsstm32/10.2020-q4-major/bin/../lib/gcc/arm-none-eabi/10.2.1/thumb/v7-m/nofp\libgcc.a(_arm_addsubdf3.o)
                                                  build/ATH10.o
__aeabi_l2d                                       e:/vsstm32/10.2020-q4-major/bin/../lib/gcc/arm-none-eabi/10.2.1/thumb/v7-m/nofp\libgcc.a(_arm_addsubdf3.o)
__aeabi_ui2d                                      e:/vsstm32/10.2020-q4-major/bin/../lib/gcc/arm-none-eabi/10.2.1/thumb/v7-m/nofp\libgcc.a(_arm_addsubdf3.o)
__aeabi_ul2d                                      e:/vsstm32/10.2020-q4-major/bin/../lib/gcc/arm-none-eabi/10.2.1/thumb/v7-m/nofp\libgcc.a(_arm_addsubdf3.o)
__atexit_recursive_mutex                          e:/vsstm32/10.2020-q4-major/bin/../lib/gcc/arm-none-eabi/10.2.1/../../../../arm-none-eabi/lib/thumb/v7-m/nofp\libc.a(lib_a-__call_atexit.o)
                                                  e:/vsstm32/10.2020-q4-major/bin/../lib/gcc/arm-none-eabi/10.2.1/../../../../arm-none-eabi/lib/thumb/v7-m/nofp\libc.a(lib_a-__atexit.o)
__bss_end__                                       e:/vsstm32/10.2020-q4-major/bin/../lib/gcc/arm-none-eabi/10.2.1/../../../../arm-none-eabi/lib/thumb/v7-m/nofp/crt0.o
__bss_start__                                     e:/vsstm32/10.2020-q4-major/bin/../lib/gcc/arm-none-eabi/10.2.1/../../../../arm-none-eabi/lib/thumb/v7-m/nofp/crt0.o
__call_exitprocs                                  e:/vsstm32/10.2020-q4-major/bin/../lib/gcc/arm-none-eabi/10.2.1/../../../../arm-none-eabi/lib/thumb/v7-m/nofp\libc.a(lib_a-__call_atexit.o)
                                                  e:/vsstm32/10.2020-q4-major/bin/../lib/gcc/arm-none-eabi/10.2.1/../../../../arm-none-eabi/lib/thumb/v7-m/nofp\libc.a(lib_a-exit.o)
__deregister_frame_info                           e:/vsstm32/10.2020-q4-major/bin/../lib/gcc/arm-none-eabi/10.2.1/thumb/v7-m/nofp/crtbegin.o
__dso_handle                                      e:/vsstm32/10.2020-q4-major/bin/../lib/gcc/arm-none-eabi/10.2.1/thumb/v7-m/nofp/crtbegin.o
__extendsfdf2                                     e:/vsstm32/10.2020-q4-major/bin/../lib/gcc/arm-none-eabi/10.2.1/thumb/v7-m/nofp\libgcc.a(_arm_addsubdf3.o)
__fini_array_end                                  e:/vsstm32/10.2020-q4-major/bin/../lib/gcc/arm-none-eabi/10.2.1/../../../../arm-none-eabi/lib/thumb/v7-m/nofp\libc.a(lib_a-fini.o)
__fini_array_start                                e:/vsstm32/10.2020-q4-major/bin/../lib/gcc/arm-none-eabi/10.2.1/../../../../arm-none-eabi/lib/thumb/v7-m/nofp\libc.a(lib_a-fini.o)
__floatdidf                                       e:/vsstm32/10.2020-q4-major/bin/../lib/gcc/arm-none-eabi/10.2.1/thumb/v7-m/nofp\libgcc.a(_arm_addsubdf3.o)
__floatsidf                                       e:/vsstm32/10.2020-q4-major/bin/../lib/gcc/arm-none-eabi/10.2.1/thumb/v7-m/nofp\libgcc.a(_arm_addsubdf3.o)
__floatundidf                                     e:/vsstm32/10.2020-q4-major/bin/../lib/gcc/arm-none-eabi/10.2.1/thumb/v7-m/nofp\libgcc.a(_arm_addsubdf3.o)
__floatunsidf                                     e:/vsstm32/10.2020-q4-major/bin/../lib/gcc/arm-none-eabi/10.2.1/thumb/v7-m/nofp\libgcc.a(_arm_addsubdf3.o)
__init_array_end                                  e:/vsstm32/10.2020-q4-major/bin/../lib/gcc/arm-none-eabi/10.2.1/../../../../arm-none-eabi/lib/thumb/v7-m/nofp\libc.a(lib_a-init.o)
__init_array_start                                e:/vsstm32/10.2020-q4-major/bin/../lib/gcc/arm-none-eabi/10.2.1/../../../../arm-none-eabi/lib/thumb/v7-m/nofp\libc.a(lib_a-init.o)
__libc_fini                                       e:/vsstm32/10.2020-q4-major/bin/../lib/gcc/arm-none-eabi/10.2.1/../../../../arm-none-eabi/lib/thumb/v7-m/nofp\libc.a(lib_a-__call_atexit.o)
__libc_fini_array                                 e:/vsstm32/10.2020-q4-major/bin/../lib/gcc/arm-none-eabi/10.2.1/../../../../arm-none-eabi/lib/thumb/v7-m/nofp\libc.a(lib_a-fini.o)
                                                  e:/vsstm32/10.2020-q4-major/bin/../lib/gcc/arm-none-eabi/10.2.1/../../../../arm-none-eabi/lib/thumb/v7-m/nofp\libc.a(lib_a-__call_atexit.o)
                                                  e:/vsstm32/10.2020-q4-major/bin/../lib/gcc/arm-none-eabi/10.2.1/../../../../arm-none-eabi/lib/thumb/v7-m/nofp/crt0.o
__libc_init_array                                 e:/vsstm32/10.2020-q4-major/bin/../lib/gcc/arm-none-eabi/10.2.1/../../../../arm-none-eabi/lib/thumb/v7-m/nofp\libc.a(lib_a-init.o)
                                                  build/startup_stm32f103xb.o
                                                  e:/vsstm32/10.2020-q4-major/bin/../lib/gcc/arm-none-eabi/10.2.1/../../../../arm-none-eabi/lib/thumb/v7-m/nofp/crt0.o
__lock___arc4random_mutex                         e:/vsstm32/10.2020-q4-major/bin/../lib/gcc/arm-none-eabi/10.2.1/../../../../arm-none-eabi/lib/thumb/v7-m/nofp\libc.a(lib_a-lock.o)
__lock___at_quick_exit_mutex                      e:/vsstm32/10.2020-q4-major/bin/../lib/gcc/arm-none-eabi/10.2.1/../../../../arm-none-eabi/lib/thumb/v7-m/nofp\libc.a(lib_a-lock.o)
__lock___atexit_recursive_mutex                   e:/vsstm32/10.2020-q4-major/bin/../lib/gcc/arm-none-eabi/10.2.1/../../../../arm-none-eabi/lib/thumb/v7-m/nofp\libc.a(lib_a-lock.o)
                                                  e:/vsstm32/10.2020-q4-major/bin/../lib/gcc/arm-none-eabi/10.2.1/../../../../arm-none-eabi/lib/thumb/v7-m/nofp\libc.a(lib_a-__call_atexit.o)
__lock___dd_hash_mutex                            e:/vsstm32/10.2020-q4-major/bin/../lib/gcc/arm-none-eabi/10.2.1/../../../../arm-none-eabi/lib/thumb/v7-m/nofp\libc.a(lib_a-lock.o)
__lock___env_recursive_mutex                      e:/vsstm32/10.2020-q4-major/bin/../lib/gcc/arm-none-eabi/10.2.1/../../../../arm-none-eabi/lib/thumb/v7-m/nofp\libc.a(lib_a-lock.o)
__lock___malloc_recursive_mutex                   e:/vsstm32/10.2020-q4-major/bin/../lib/gcc/arm-none-eabi/10.2.1/../../../../arm-none-eabi/lib/thumb/v7-m/nofp\libc.a(lib_a-lock.o)
__lock___sfp_recursive_mutex                      e:/vsstm32/10.2020-q4-major/bin/../lib/gcc/arm-none-eabi/10.2.1/../../../../arm-none-eabi/lib/thumb/v7-m/nofp\libc.a(lib_a-lock.o)
__lock___sinit_recursive_mutex                    e:/vsstm32/10.2020-q4-major/bin/../lib/gcc/arm-none-eabi/10.2.1/../../../../arm-none-eabi/lib/thumb/v7-m/nofp\libc.a(lib_a-lock.o)
__lock___tz_mutex                                 e:/vsstm32/10.2020-q4-major/bin/../lib/gcc/arm-none-eabi/10.2.1/../../../../arm-none-eabi/lib/thumb/v7-m/nofp\libc.a(lib_a-lock.o)
__muldf3                                          e:/vsstm32/10.2020-q4-major/bin/../lib/gcc/arm-none-eabi/10.2.1/thumb/v7-m/nofp\libgcc.a(_arm_muldf3.o)
__preinit_array_end                               e:/vsstm32/10.2020-q4-major/bin/../lib/gcc/arm-none-eabi/10.2.1/../../../../arm-none-eabi/lib/thumb/v7-m/nofp\libc.a(lib_a-init.o)
__preinit_array_start                             e:/vsstm32/10.2020-q4-major/bin/../lib/gcc/arm-none-eabi/10.2.1/../../../../arm-none-eabi/lib/thumb/v7-m/nofp\libc.a(lib_a-init.o)
__register_exitproc                               e:/vsstm32/10.2020-q4-major/bin/../lib/gcc/arm-none-eabi/10.2.1/../../../../arm-none-eabi/lib/thumb/v7-m/nofp\libc.a(lib_a-__atexit.o)
                                                  e:/vsstm32/10.2020-q4-major/bin/../lib/gcc/arm-none-eabi/10.2.1/../../../../arm-none-eabi/lib/thumb/v7-m/nofp\libc.a(lib_a-atexit.o)
__register_frame_info                             e:/vsstm32/10.2020-q4-major/bin/../lib/gcc/arm-none-eabi/10.2.1/thumb/v7-m/nofp/crtbegin.o
__retarget_lock_acquire                           e:/vsstm32/10.2020-q4-major/bin/../lib/gcc/arm-none-eabi/10.2.1/../../../../arm-none-eabi/lib/thumb/v7-m/nofp\libc.a(lib_a-lock.o)
__retarget_lock_acquire_recursive                 e:/vsstm32/10.2020-q4-major/bin/../lib/gcc/arm-none-eabi/10.2.1/../../../../arm-none-eabi/lib/thumb/v7-m/nofp\libc.a(lib_a-lock.o)
                                                  e:/vsstm32/10.2020-q4-major/bin/../lib/gcc/arm-none-eabi/10.2.1/../../../../arm-none-eabi/lib/thumb/v7-m/nofp\libc.a(lib_a-__atexit.o)
                                                  e:/vsstm32/10.2020-q4-major/bin/../lib/gcc/arm-none-eabi/10.2.1/../../../../arm-none-eabi/lib/thumb/v7-m/nofp\libc.a(lib_a-__call_atexit.o)
__retarget_lock_close                             e:/vsstm32/10.2020-q4-major/bin/../lib/gcc/arm-none-eabi/10.2.1/../../../../arm-none-eabi/lib/thumb/v7-m/nofp\libc.a(lib_a-lock.o)
__retarget_lock_close_recursive                   e:/vsstm32/10.2020-q4-major/bin/../lib/gcc/arm-none-eabi/10.2.1/../../../../arm-none-eabi/lib/thumb/v7-m/nofp\libc.a(lib_a-lock.o)
__retarget_lock_init                              e:/vsstm32/10.2020-q4-major/bin/../lib/gcc/arm-none-eabi/10.2.1/../../../../arm-none-eabi/lib/thumb/v7-m/nofp\libc.a(lib_a-lock.o)
__retarget_lock_init_recursive                    e:/vsstm32/10.2020-q4-major/bin/../lib/gcc/arm-none-eabi/10.2.1/../../../../arm-none-eabi/lib/thumb/v7-m/nofp\libc.a(lib_a-lock.o)
__retarget_lock_release                           e:/vsstm32/10.2020-q4-major/bin/../lib/gcc/arm-none-eabi/10.2.1/../../../../arm-none-eabi/lib/thumb/v7-m/nofp\libc.a(lib_a-lock.o)
__retarget_lock_release_recursive                 e:/vsstm32/10.2020-q4-major/bin/../lib/gcc/arm-none-eabi/10.2.1/../../../../arm-none-eabi/lib/thumb/v7-m/nofp\libc.a(lib_a-lock.o)
                                                  e:/vsstm32/10.2020-q4-major/bin/../lib/gcc/arm-none-eabi/10.2.1/../../../../arm-none-eabi/lib/thumb/v7-m/nofp\libc.a(lib_a-__atexit.o)
                                                  e:/vsstm32/10.2020-q4-major/bin/../lib/gcc/arm-none-eabi/10.2.1/../../../../arm-none-eabi/lib/thumb/v7-m/nofp\libc.a(lib_a-__call_atexit.o)
__retarget_lock_try_acquire                       e:/vsstm32/10.2020-q4-major/bin/../lib/gcc/arm-none-eabi/10.2.1/../../../../arm-none-eabi/lib/thumb/v7-m/nofp\libc.a(lib_a-lock.o)
__retarget_lock_try_acquire_recursive             e:/vsstm32/10.2020-q4-major/bin/../lib/gcc/arm-none-eabi/10.2.1/../../../../arm-none-eabi/lib/thumb/v7-m/nofp\libc.a(lib_a-lock.o)
__stack                                           e:/vsstm32/10.2020-q4-major/bin/../lib/gcc/arm-none-eabi/10.2.1/../../../../arm-none-eabi/lib/thumb/v7-m/nofp/crt0.o
__subdf3                                          e:/vsstm32/10.2020-q4-major/bin/../lib/gcc/arm-none-eabi/10.2.1/thumb/v7-m/nofp\libgcc.a(_arm_addsubdf3.o)
_ebss                                             build/startup_stm32f103xb.o
_edata                                            build/startup_stm32f103xb.o
_estack                                           build/startup_stm32f103xb.o
_exit                                             e:/vsstm32/10.2020-q4-major/bin/../lib/gcc/arm-none-eabi/10.2.1/../../../../arm-none-eabi/lib/thumb/v7-m/nofp\libnosys.a(_exit.o)
                                                  e:/vsstm32/10.2020-q4-major/bin/../lib/gcc/arm-none-eabi/10.2.1/../../../../arm-none-eabi/lib/thumb/v7-m/nofp\libc.a(lib_a-exit.o)
_fini                                             e:/vsstm32/10.2020-q4-major/bin/../lib/gcc/arm-none-eabi/10.2.1/thumb/v7-m/nofp/crti.o
                                                  e:/vsstm32/10.2020-q4-major/bin/../lib/gcc/arm-none-eabi/10.2.1/../../../../arm-none-eabi/lib/thumb/v7-m/nofp\libc.a(lib_a-fini.o)
_global_impure_ptr                                e:/vsstm32/10.2020-q4-major/bin/../lib/gcc/arm-none-eabi/10.2.1/../../../../arm-none-eabi/lib/thumb/v7-m/nofp\libc.a(lib_a-impure.o)
                                                  e:/vsstm32/10.2020-q4-major/bin/../lib/gcc/arm-none-eabi/10.2.1/../../../../arm-none-eabi/lib/thumb/v7-m/nofp\libc.a(lib_a-__atexit.o)
                                                  e:/vsstm32/10.2020-q4-major/bin/../lib/gcc/arm-none-eabi/10.2.1/../../../../arm-none-eabi/lib/thumb/v7-m/nofp\libc.a(lib_a-__call_atexit.o)
                                                  e:/vsstm32/10.2020-q4-major/bin/../lib/gcc/arm-none-eabi/10.2.1/../../../../arm-none-eabi/lib/thumb/v7-m/nofp\libc.a(lib_a-exit.o)
_impure_ptr                                       e:/vsstm32/10.2020-q4-major/bin/../lib/gcc/arm-none-eabi/10.2.1/../../../../arm-none-eabi/lib/thumb/v7-m/nofp\libc.a(lib_a-impure.o)
_init                                             e:/vsstm32/10.2020-q4-major/bin/../lib/gcc/arm-none-eabi/10.2.1/thumb/v7-m/nofp/crti.o
                                                  e:/vsstm32/10.2020-q4-major/bin/../lib/gcc/arm-none-eabi/10.2.1/../../../../arm-none-eabi/lib/thumb/v7-m/nofp\libc.a(lib_a-init.o)
_mainCRTStartup                                   e:/vsstm32/10.2020-q4-major/bin/../lib/gcc/arm-none-eabi/10.2.1/../../../../arm-none-eabi/lib/thumb/v7-m/nofp/crt0.o
_sbss                                             build/startup_stm32f103xb.o
_sdata                                            build/startup_stm32f103xb.o
_sidata                                           build/startup_stm32f103xb.o
_stack_init                                       e:/vsstm32/10.2020-q4-major/bin/../lib/gcc/arm-none-eabi/10.2.1/../../../../arm-none-eabi/lib/thumb/v7-m/nofp/crt0.o
_start                                            e:/vsstm32/10.2020-q4-major/bin/../lib/gcc/arm-none-eabi/10.2.1/../../../../arm-none-eabi/lib/thumb/v7-m/nofp/crt0.o
aRxBuffer                                         build/main.o
aTxBuffer                                         build/main.o
atexit                                            e:/vsstm32/10.2020-q4-major/bin/../lib/gcc/arm-none-eabi/10.2.1/../../../../arm-none-eabi/lib/thumb/v7-m/nofp\libc.a(lib_a-atexit.o)
                                                  e:/vsstm32/10.2020-q4-major/bin/../lib/gcc/arm-none-eabi/10.2.1/../../../../arm-none-eabi/lib/thumb/v7-m/nofp\libc.a(lib_a-__call_atexit.o)
                                                  e:/vsstm32/10.2020-q4-major/bin/../lib/gcc/arm-none-eabi/10.2.1/../../../../arm-none-eabi/lib/thumb/v7-m/nofp/crt0.o
beep_500ms                                        build/gpio.o
                                                  build/main.o
delay_us                                          build/main.o
exit                                              e:/vsstm32/10.2020-q4-major/bin/../lib/gcc/arm-none-eabi/10.2.1/../../../../arm-none-eabi/lib/thumb/v7-m/nofp\libc.a(lib_a-exit.o)
                                                  e:/vsstm32/10.2020-q4-major/bin/../lib/gcc/arm-none-eabi/10.2.1/../../../../arm-none-eabi/lib/thumb/v7-m/nofp/crt0.o
g_pfnVectors                                      build/startup_stm32f103xb.o
hardware_init_hook                                e:/vsstm32/10.2020-q4-major/bin/../lib/gcc/arm-none-eabi/10.2.1/../../../../arm-none-eabi/lib/thumb/v7-m/nofp/crt0.o
huart1                                            build/usart.o
                                                  build/stm32f1xx_it.o
                                                  build/main.o
i2c_Ack                                           build/myiic.o
i2c_CheckDevice                                   build/myiic.o
i2c_ReadByte                                      build/myiic.o
i2c_SendByte                                      build/myiic.o
                                                  build/ATH10.o
i2c_Start                                         build/myiic.o
                                                  build/ATH10.o
i2c_Stop                                          build/myiic.o
                                                  build/ATH10.o
i2c_WaitAck                                       build/myiic.o
                                                  build/ATH10.o
main                                              build/main.o
                                                  build/startup_stm32f103xb.o
                                                  e:/vsstm32/10.2020-q4-major/bin/../lib/gcc/arm-none-eabi/10.2.1/../../../../arm-none-eabi/lib/thumb/v7-m/nofp/crt0.o
memset                                            e:/vsstm32/10.2020-q4-major/bin/../lib/gcc/arm-none-eabi/10.2.1/../../../../arm-none-eabi/lib/thumb/v7-m/nofp\libc.a(lib_a-memset.o)
                                                  build/main.o
                                                  e:/vsstm32/10.2020-q4-major/bin/../lib/gcc/arm-none-eabi/10.2.1/../../../../arm-none-eabi/lib/thumb/v7-m/nofp/crt0.o
pFlash                                            build/stm32f1xx_hal_flash.o
                                                  build/stm32f1xx_hal_flash_ex.o
software_init_hook                                e:/vsstm32/10.2020-q4-major/bin/../lib/gcc/arm-none-eabi/10.2.1/../../../../arm-none-eabi/lib/thumb/v7-m/nofp/crt0.o
str                                               build/main.o
uwTick                                            build/stm32f1xx_hal.o
uwTickFreq                                        build/stm32f1xx_hal.o
uwTickPrio                                        build/stm32f1xx_hal.o
                                                  build/stm32f1xx_hal_rcc.o
